Retrieving project…
Deploying olegyuryevich-5608s-projects/aylensale-si
Inspect: https://vercel.com/olegyuryevich-5608s-projects/aylensale-si/DsHKHPDczMMuvkXkKEphKTXfwsNe [2s]
Production: https://aylensale-2k9fs9nqo-olegyuryevich-5608s-projects.vercel.app [2s]
https://aylensale-2k9fs9nqo-olegyuryevich-5608s-projects.vercel.appBuilding...
Building...
Building: Running build in Washington, D.C., USA (East) – iad1
Building: Build machine configuration: 2 cores, 8 GB
Building: Retrieving list of deployment files...
Building: Downloading 111 deployment files...
Building: Restored build cache from previous deployment (9ALQUzcbyep1Dj6SqNqLqUdeBmvZ)
Building: Warning: "vercel" found in project dependencies and will be ignored.
Building: Running "vercel build"
Building: Vercel CLI 53.3.2
Building: Running "install" command: `npm install`...
Building: up to date, audited 615 packages in 5s
Building: 167 packages are looking for funding
Building: run `npm fund` for details
Building: 32 vulnerabilities (1 low, 9 moderate, 22 high)
Building: To address issues that do not require attention, run:
Building: npm audit fix
Building: To address all issues (including breaking changes), run:
Building: npm audit fix --force
Building: Run `npm audit` for details.
Building: Detected Next.js version: 16.2.6
Building: Running "npm run build"
Building: > aylensale-si@0.1.0 build
Building: > next build
Building: Applying modifyConfig from Vercel
Building: ▲ Next.js 16.2.6 (Turbopack)
Building: Creating an optimized production build ...
Building: ✓ Compiled successfully in 4.9s
Building: Running TypeScript ...
Building: Finished TypeScript in 3.4s ...
Building: Collecting page data using 1 worker ...
Building: Generating static pages using 1 worker (0/4) ...
Building: Generating static pages using 1 worker (1/4)
Building: Generating static pages using 1 worker (2/4)
Building: Generating static pages using 1 worker (3/4)
Building: ✓ Generating static pages using 1 worker (4/4) in 135ms
Building: Finalizing page optimization ...
Building: Running onBuildComplete from Vercel
Building: Route (app)
Building: ┌ ○ /
Building: └ ○ /_not-found
Building: ○  (Static)  prerendered as static content
Building: Build Completed in /vercel/output [16s]
Building: Deploying outputs...
